// Jest Snapshot v1, https://goo.gl/fbAQLP

exports[`test button type 1`] = `"<button class=\\"sun-button sun--box sun-button--large sun-button--text-default sun--flex sun-button--block sun-button--text sun-button--round\\">button text</button>"`;
